// Jest Snapshot v1, https://goo.gl/fbAQLP

exports[`should render multiple Expenses Summary Correctly 1`] = `
<div>
  <h2>
    Viewing 
     
    expenses
     totalling 
    ₱0.00
  </h2>
</div>
`;

exports[`should render one Expense Summary Correctly 1`] = `
<div>
  <h2>
    Viewing 
     
    expenses
     totalling 
    ₱0.00
  </h2>
</div>
`;
